[2025-09-06T02:08:07.190Z] Generation 1/100 - Average Generation Fitness: 2696.6, Max Generational Fitness: 7477.6, Best Overall Fitness: 7477.6 
[2025-09-06T02:08:07.196Z] Generation 1/100 - Diversity: 7.2665, Mutation Rate: 0.1000 
[2025-09-06T02:08:08.623Z] Generation 2/100 - Average Generation Fitness: 2801.7, Max Generational Fitness: 6980.0, Best Overall Fitness: 7477.6 
[2025-09-06T02:08:08.625Z] Generation 2/100 - Diversity: 4.9879, Mutation Rate: 0.0980 
[2025-09-06T02:08:10.241Z] Generation 3/100 - Average Generation Fitness: 3335.4, Max Generational Fitness: 10716.8, Best Overall Fitness: 10716.8 
[2025-09-06T02:08:10.242Z] Generation 3/100 - Diversity: 3.2277, Mutation Rate: 0.0962 
[2025-09-06T02:08:12.218Z] Generation 4/100 - Average Generation Fitness: 4210.7, Max Generational Fitness: 9986.4, Best Overall Fitness: 10716.8 
[2025-09-06T02:08:12.220Z] Generation 4/100 - Diversity: 2.3473, Mutation Rate: 0.0951 
[2025-09-06T02:08:14.482Z] Generation 5/100 - Average Generation Fitness: 5032.7, Max Generational Fitness: 15450.4, Best Overall Fitness: 15450.4 
[2025-09-06T02:08:14.483Z] Generation 5/100 - Diversity: 1.6949, Mutation Rate: 0.0957 
[2025-09-06T02:08:17.053Z] Generation 6/100 - Average Generation Fitness: 5900.4, Max Generational Fitness: 14641.6, Best Overall Fitness: 15450.4 
[2025-09-06T02:08:17.055Z] Generation 6/100 - Diversity: 1.3055, Mutation Rate: 0.0978 
[2025-09-06T02:08:19.940Z] Generation 7/100 - Average Generation Fitness: 6626.5, Max Generational Fitness: 13522.4, Best Overall Fitness: 15450.4 
[2025-09-06T02:08:19.942Z] Generation 7/100 - Diversity: 0.8153, Mutation Rate: 0.1000 
[2025-09-06T02:08:22.746Z] Generation 8/100 - Average Generation Fitness: 6437.3, Max Generational Fitness: 14980.8, Best Overall Fitness: 15450.4 
[2025-09-06T02:08:22.749Z] Generation 8/100 - Diversity: 0.4986, Mutation Rate: 0.1000 
[2025-09-06T02:08:25.826Z] Generation 9/100 - Average Generation Fitness: 7165.9, Max Generational Fitness: 14776.8, Best Overall Fitness: 15450.4 
[2025-09-06T02:08:25.828Z] Generation 9/100 - Diversity: 0.4531, Mutation Rate: 0.1000 
[2025-09-06T02:08:28.898Z] Generation 10/100 - Average Generation Fitness: 7151.7, Max Generational Fitness: 14395.2, Best Overall Fitness: 15450.4 
[2025-09-06T02:08:28.899Z] Generation 10/100 - Diversity: 0.4217, Mutation Rate: 0.1000 
[2025-09-06T02:08:32.313Z] Generation 11/100 - Average Generation Fitness: 7953.0, Max Generational Fitness: 21960.0, Best Overall Fitness: 21960.0 
[2025-09-06T02:08:32.314Z] Generation 11/100 - Diversity: 0.3940, Mutation Rate: 0.1000 
[2025-09-06T02:08:35.477Z] Generation 12/100 - Average Generation Fitness: 7294.4, Max Generational Fitness: 14540.8, Best Overall Fitness: 21960.0 
[2025-09-06T02:08:35.478Z] Generation 12/100 - Diversity: 0.3501, Mutation Rate: 0.1000 
[2025-09-06T02:08:39.081Z] Generation 13/100 - Average Generation Fitness: 8475.6, Max Generational Fitness: 14652.0, Best Overall Fitness: 21960.0 
[2025-09-06T02:08:39.082Z] Generation 13/100 - Diversity: 0.3047, Mutation Rate: 0.1000 
[2025-09-06T02:08:42.352Z] Generation 14/100 - Average Generation Fitness: 7569.4, Max Generational Fitness: 15154.4, Best Overall Fitness: 21960.0 
[2025-09-06T02:08:42.354Z] Generation 14/100 - Diversity: 0.3328, Mutation Rate: 0.1000 
[2025-09-06T02:08:45.682Z] Generation 15/100 - Average Generation Fitness: 7731.1, Max Generational Fitness: 17608.0, Best Overall Fitness: 21960.0 
[2025-09-06T02:08:45.683Z] Generation 15/100 - Diversity: 0.2859, Mutation Rate: 0.1000 
[2025-09-06T02:08:48.922Z] Generation 16/100 - Average Generation Fitness: 7461.6, Max Generational Fitness: 14840.8, Best Overall Fitness: 21960.0 
[2025-09-06T02:08:48.923Z] Generation 16/100 - Diversity: 0.2668, Mutation Rate: 0.1000 
[2025-09-06T02:08:52.262Z] Generation 17/100 - Average Generation Fitness: 8019.3, Max Generational Fitness: 14744.0, Best Overall Fitness: 21960.0 
[2025-09-06T02:08:52.264Z] Generation 17/100 - Diversity: 0.3005, Mutation Rate: 0.1000 
[2025-09-06T02:08:55.551Z] Generation 18/100 - Average Generation Fitness: 7869.0, Max Generational Fitness: 13099.2, Best Overall Fitness: 21960.0 
[2025-09-06T02:08:55.553Z] Generation 18/100 - Diversity: 0.2676, Mutation Rate: 0.1000 
[2025-09-06T02:08:58.927Z] Generation 19/100 - Average Generation Fitness: 8116.8, Max Generational Fitness: 15024.0, Best Overall Fitness: 21960.0 
[2025-09-06T02:08:58.929Z] Generation 19/100 - Diversity: 0.2768, Mutation Rate: 0.1000 
[2025-09-06T02:09:02.327Z] Generation 20/100 - Average Generation Fitness: 8166.5, Max Generational Fitness: 21031.2, Best Overall Fitness: 21960.0 
[2025-09-06T02:09:02.329Z] Generation 20/100 - Diversity: 0.2768, Mutation Rate: 0.1000 
[2025-09-06T02:09:05.721Z] Generation 21/100 - Average Generation Fitness: 8189.9, Max Generational Fitness: 22336.0, Best Overall Fitness: 22336.0 
[2025-09-06T02:09:05.722Z] Generation 21/100 - Diversity: 0.2609, Mutation Rate: 0.1000 
[2025-09-06T02:09:09.035Z] Generation 22/100 - Average Generation Fitness: 7912.4, Max Generational Fitness: 14934.4, Best Overall Fitness: 22336.0 
[2025-09-06T02:09:09.037Z] Generation 22/100 - Diversity: 0.2531, Mutation Rate: 0.1000 
[2025-09-06T02:09:12.465Z] Generation 23/100 - Average Generation Fitness: 8289.7, Max Generational Fitness: 17166.4, Best Overall Fitness: 22336.0 
[2025-09-06T02:09:12.466Z] Generation 23/100 - Diversity: 0.2575, Mutation Rate: 0.1000 
[2025-09-06T02:09:15.865Z] Generation 24/100 - Average Generation Fitness: 8125.0, Max Generational Fitness: 16879.2, Best Overall Fitness: 22336.0 
[2025-09-06T02:09:15.867Z] Generation 24/100 - Diversity: 0.2588, Mutation Rate: 0.1000 
[2025-09-06T02:09:19.087Z] Generation 25/100 - Average Generation Fitness: 7643.0, Max Generational Fitness: 15174.4, Best Overall Fitness: 22336.0 
[2025-09-06T02:09:19.088Z] Generation 25/100 - Diversity: 0.2537, Mutation Rate: 0.1000 
[2025-09-06T02:09:22.173Z] Generation 26/100 - Average Generation Fitness: 7276.3, Max Generational Fitness: 13330.4, Best Overall Fitness: 22336.0 
[2025-09-06T02:09:22.174Z] Generation 26/100 - Diversity: 0.2873, Mutation Rate: 0.1000 
[2025-09-06T02:09:25.521Z] Generation 27/100 - Average Generation Fitness: 8015.8, Max Generational Fitness: 20056.8, Best Overall Fitness: 22336.0 
[2025-09-06T02:09:25.522Z] Generation 27/100 - Diversity: 0.2350, Mutation Rate: 0.1000 
[2025-09-06T02:09:28.850Z] Generation 28/100 - Average Generation Fitness: 7937.9, Max Generational Fitness: 19324.8, Best Overall Fitness: 22336.0 
[2025-09-06T02:09:28.851Z] Generation 28/100 - Diversity: 0.2244, Mutation Rate: 0.1000 
[2025-09-06T02:09:32.368Z] Generation 29/100 - Average Generation Fitness: 8570.0, Max Generational Fitness: 15664.0, Best Overall Fitness: 22336.0 
[2025-09-06T02:09:32.369Z] Generation 29/100 - Diversity: 0.2004, Mutation Rate: 0.1000 
[2025-09-06T02:09:35.725Z] Generation 30/100 - Average Generation Fitness: 8000.0, Max Generational Fitness: 15852.0, Best Overall Fitness: 22336.0 
[2025-09-06T02:09:35.726Z] Generation 30/100 - Diversity: 0.2121, Mutation Rate: 0.1000 
[2025-09-06T02:09:38.983Z] Generation 31/100 - Average Generation Fitness: 7795.7, Max Generational Fitness: 16210.4, Best Overall Fitness: 22336.0 
[2025-09-06T02:09:38.984Z] Generation 31/100 - Diversity: 0.2404, Mutation Rate: 0.1000 
[2025-09-06T02:09:42.469Z] Generation 32/100 - Average Generation Fitness: 8321.2, Max Generational Fitness: 17666.4, Best Overall Fitness: 22336.0 
[2025-09-06T02:09:42.470Z] Generation 32/100 - Diversity: 0.2145, Mutation Rate: 0.1000 
[2025-09-06T02:09:45.811Z] Generation 33/100 - Average Generation Fitness: 7907.7, Max Generational Fitness: 15079.2, Best Overall Fitness: 22336.0 
[2025-09-06T02:09:45.813Z] Generation 33/100 - Diversity: 0.2469, Mutation Rate: 0.1000 
[2025-09-06T02:09:49.339Z] Generation 34/100 - Average Generation Fitness: 8534.8, Max Generational Fitness: 17587.2, Best Overall Fitness: 22336.0 
[2025-09-06T02:09:49.340Z] Generation 34/100 - Diversity: 0.2361, Mutation Rate: 0.1000 
[2025-09-06T02:09:52.794Z] Generation 35/100 - Average Generation Fitness: 8354.1, Max Generational Fitness: 16174.4, Best Overall Fitness: 22336.0 
[2025-09-06T02:09:52.795Z] Generation 35/100 - Diversity: 0.2623, Mutation Rate: 0.1000 
[2025-09-06T02:09:56.285Z] Generation 36/100 - Average Generation Fitness: 8388.2, Max Generational Fitness: 16917.6, Best Overall Fitness: 22336.0 
[2025-09-06T02:09:56.286Z] Generation 36/100 - Diversity: 0.2723, Mutation Rate: 0.1000 
[2025-09-06T02:09:59.787Z] Generation 37/100 - Average Generation Fitness: 8344.2, Max Generational Fitness: 18640.8, Best Overall Fitness: 22336.0 
[2025-09-06T02:09:59.789Z] Generation 37/100 - Diversity: 0.2169, Mutation Rate: 0.1000 
[2025-09-06T02:10:03.413Z] Generation 38/100 - Average Generation Fitness: 8762.1, Max Generational Fitness: 15938.4, Best Overall Fitness: 22336.0 
[2025-09-06T02:10:03.415Z] Generation 38/100 - Diversity: 0.2179, Mutation Rate: 0.1000 
[2025-09-06T02:10:06.936Z] Generation 39/100 - Average Generation Fitness: 8407.8, Max Generational Fitness: 14173.6, Best Overall Fitness: 22336.0 
[2025-09-06T02:10:06.938Z] Generation 39/100 - Diversity: 0.2492, Mutation Rate: 0.1000 
[2025-09-06T02:10:10.567Z] Generation 40/100 - Average Generation Fitness: 8773.5, Max Generational Fitness: 19716.0, Best Overall Fitness: 22336.0 
[2025-09-06T02:10:10.568Z] Generation 40/100 - Diversity: 0.2471, Mutation Rate: 0.1000 
[2025-09-06T02:10:14.271Z] Generation 41/100 - Average Generation Fitness: 8870.7, Max Generational Fitness: 20083.2, Best Overall Fitness: 22336.0 
[2025-09-06T02:10:14.272Z] Generation 41/100 - Diversity: 0.2260, Mutation Rate: 0.1000 
[2025-09-06T02:10:17.781Z] Generation 42/100 - Average Generation Fitness: 8426.3, Max Generational Fitness: 14968.0, Best Overall Fitness: 22336.0 
[2025-09-06T02:10:17.783Z] Generation 42/100 - Diversity: 0.2594, Mutation Rate: 0.1000 
[2025-09-06T02:10:21.317Z] Generation 43/100 - Average Generation Fitness: 8622.7, Max Generational Fitness: 15323.2, Best Overall Fitness: 22336.0 
[2025-09-06T02:10:21.319Z] Generation 43/100 - Diversity: 0.2846, Mutation Rate: 0.0998 
[2025-09-06T02:10:24.934Z] Generation 44/100 - Average Generation Fitness: 8699.5, Max Generational Fitness: 16444.8, Best Overall Fitness: 22336.0 
[2025-09-06T02:10:24.936Z] Generation 44/100 - Diversity: 0.2523, Mutation Rate: 0.1000 
[2025-09-06T02:10:28.437Z] Generation 45/100 - Average Generation Fitness: 8376.6, Max Generational Fitness: 13964.0, Best Overall Fitness: 22336.0 
[2025-09-06T02:10:28.438Z] Generation 45/100 - Diversity: 0.2440, Mutation Rate: 0.1000 
[2025-09-06T02:10:32.176Z] Generation 46/100 - Average Generation Fitness: 9159.0, Max Generational Fitness: 20469.6, Best Overall Fitness: 22336.0 
[2025-09-06T02:10:32.177Z] Generation 46/100 - Diversity: 0.2035, Mutation Rate: 0.1000 
[2025-09-06T02:10:35.813Z] Generation 47/100 - Average Generation Fitness: 8845.1, Max Generational Fitness: 15236.0, Best Overall Fitness: 22336.0 
[2025-09-06T02:10:35.814Z] Generation 47/100 - Diversity: 0.2040, Mutation Rate: 0.1000 
[2025-09-06T02:10:39.513Z] Generation 48/100 - Average Generation Fitness: 9066.9, Max Generational Fitness: 15853.6, Best Overall Fitness: 22336.0 
[2025-09-06T02:10:39.515Z] Generation 48/100 - Diversity: 0.1783, Mutation Rate: 0.1000 
[2025-09-06T02:10:43.161Z] Generation 49/100 - Average Generation Fitness: 8880.8, Max Generational Fitness: 16293.6, Best Overall Fitness: 22336.0 
[2025-09-06T02:10:43.163Z] Generation 49/100 - Diversity: 0.2117, Mutation Rate: 0.1000 
[2025-09-06T02:10:46.982Z] Generation 50/100 - Average Generation Fitness: 9295.1, Max Generational Fitness: 18288.0, Best Overall Fitness: 22336.0 
[2025-09-06T02:10:46.984Z] Generation 50/100 - Diversity: 0.2342, Mutation Rate: 0.1000 
[2025-09-06T02:10:50.792Z] Generation 51/100 - Average Generation Fitness: 9377.7, Max Generational Fitness: 17549.6, Best Overall Fitness: 22336.0 
[2025-09-06T02:10:50.794Z] Generation 51/100 - Diversity: 0.2544, Mutation Rate: 0.0969 
[2025-09-06T02:10:54.364Z] Generation 52/100 - Average Generation Fitness: 8665.6, Max Generational Fitness: 17033.6, Best Overall Fitness: 22336.0 
[2025-09-06T02:10:54.366Z] Generation 52/100 - Diversity: 0.2093, Mutation Rate: 0.1000 
[2025-09-06T02:10:57.969Z] Generation 53/100 - Average Generation Fitness: 8778.8, Max Generational Fitness: 19322.4, Best Overall Fitness: 22336.0 
[2025-09-06T02:10:57.970Z] Generation 53/100 - Diversity: 0.2108, Mutation Rate: 0.1000 
[2025-09-06T02:11:01.677Z] Generation 54/100 - Average Generation Fitness: 9055.5, Max Generational Fitness: 15268.0, Best Overall Fitness: 22336.0 
[2025-09-06T02:11:01.678Z] Generation 54/100 - Diversity: 0.2179, Mutation Rate: 0.0993 
[2025-09-06T02:11:05.346Z] Generation 55/100 - Average Generation Fitness: 8935.8, Max Generational Fitness: 14813.6, Best Overall Fitness: 22336.0 
[2025-09-06T02:11:05.348Z] Generation 55/100 - Diversity: 0.2541, Mutation Rate: 0.0941 
[2025-09-06T02:11:09.211Z] Generation 56/100 - Average Generation Fitness: 9387.1, Max Generational Fitness: 17156.0, Best Overall Fitness: 22336.0 
[2025-09-06T02:11:09.213Z] Generation 56/100 - Diversity: 0.2230, Mutation Rate: 0.0973 
[2025-09-06T02:11:12.641Z] Generation 57/100 - Average Generation Fitness: 8232.8, Max Generational Fitness: 16746.4, Best Overall Fitness: 22336.0 
[2025-09-06T02:11:12.643Z] Generation 57/100 - Diversity: 0.2652, Mutation Rate: 0.0915 
[2025-09-06T02:11:16.408Z] Generation 58/100 - Average Generation Fitness: 9148.2, Max Generational Fitness: 18960.0, Best Overall Fitness: 22336.0 
[2025-09-06T02:11:16.410Z] Generation 58/100 - Diversity: 0.2389, Mutation Rate: 0.0940 
[2025-09-06T02:11:20.018Z] Generation 59/100 - Average Generation Fitness: 8724.2, Max Generational Fitness: 16229.6, Best Overall Fitness: 22336.0 
[2025-09-06T02:11:20.020Z] Generation 59/100 - Diversity: 0.2811, Mutation Rate: 0.0883 
[2025-09-06T02:11:23.868Z] Generation 60/100 - Average Generation Fitness: 9495.7, Max Generational Fitness: 16787.2, Best Overall Fitness: 22336.0 
[2025-09-06T02:11:23.870Z] Generation 60/100 - Diversity: 0.2302, Mutation Rate: 0.0938 
[2025-09-06T02:11:27.555Z] Generation 61/100 - Average Generation Fitness: 9098.6, Max Generational Fitness: 16008.8, Best Overall Fitness: 22336.0 
[2025-09-06T02:11:27.556Z] Generation 61/100 - Diversity: 0.2338, Mutation Rate: 0.0928 
[2025-09-06T02:11:31.279Z] Generation 62/100 - Average Generation Fitness: 9176.5, Max Generational Fitness: 19360.8, Best Overall Fitness: 22336.0 
[2025-09-06T02:11:31.280Z] Generation 62/100 - Diversity: 0.2259, Mutation Rate: 0.0932 
[2025-09-06T02:11:35.007Z] Generation 63/100 - Average Generation Fitness: 9183.1, Max Generational Fitness: 17670.4, Best Overall Fitness: 22336.0 
[2025-09-06T02:11:35.009Z] Generation 63/100 - Diversity: 0.2684, Mutation Rate: 0.0874 
[2025-09-06T02:11:38.488Z] Generation 64/100 - Average Generation Fitness: 8446.9, Max Generational Fitness: 16931.2, Best Overall Fitness: 22336.0 
[2025-09-06T02:11:38.489Z] Generation 64/100 - Diversity: 0.2155, Mutation Rate: 0.0934 
[2025-09-06T02:11:42.359Z] Generation 65/100 - Average Generation Fitness: 9564.9, Max Generational Fitness: 16048.8, Best Overall Fitness: 22336.0 
[2025-09-06T02:11:42.360Z] Generation 65/100 - Diversity: 0.2238, Mutation Rate: 0.0917 
[2025-09-06T02:11:46.047Z] Generation 66/100 - Average Generation Fitness: 9066.5, Max Generational Fitness: 19700.8, Best Overall Fitness: 22336.0 
[2025-09-06T02:11:46.049Z] Generation 66/100 - Diversity: 0.2392, Mutation Rate: 0.0892 
[2025-09-06T02:11:49.800Z] Generation 67/100 - Average Generation Fitness: 9066.2, Max Generational Fitness: 15816.0, Best Overall Fitness: 22336.0 
[2025-09-06T02:11:49.801Z] Generation 67/100 - Diversity: 0.2432, Mutation Rate: 0.0882 
[2025-09-06T02:11:53.571Z] Generation 68/100 - Average Generation Fitness: 9256.6, Max Generational Fitness: 18668.8, Best Overall Fitness: 22336.0 
[2025-09-06T02:11:53.572Z] Generation 68/100 - Diversity: 0.2355, Mutation Rate: 0.0886 
[2025-09-06T02:11:57.565Z] Generation 69/100 - Average Generation Fitness: 9814.8, Max Generational Fitness: 19205.6, Best Overall Fitness: 22336.0 
[2025-09-06T02:11:57.567Z] Generation 69/100 - Diversity: 0.2463, Mutation Rate: 0.0868 
[2025-09-06T02:12:01.425Z] Generation 70/100 - Average Generation Fitness: 9424.0, Max Generational Fitness: 19342.4, Best Overall Fitness: 22336.0 
[2025-09-06T02:12:01.427Z] Generation 70/100 - Diversity: 0.2397, Mutation Rate: 0.0871 
[2025-09-06T02:12:05.336Z] Generation 71/100 - Average Generation Fitness: 9630.8, Max Generational Fitness: 17010.4, Best Overall Fitness: 22336.0 
[2025-09-06T02:12:05.338Z] Generation 71/100 - Diversity: 0.2089, Mutation Rate: 0.0905 
[2025-09-06T02:12:09.129Z] Generation 72/100 - Average Generation Fitness: 9255.6, Max Generational Fitness: 16016.0, Best Overall Fitness: 22336.0 
[2025-09-06T02:12:09.131Z] Generation 72/100 - Diversity: 0.1895, Mutation Rate: 0.0926 
[2025-09-06T02:12:13.014Z] Generation 73/100 - Average Generation Fitness: 9283.3, Max Generational Fitness: 17912.0, Best Overall Fitness: 22336.0 
[2025-09-06T02:12:13.015Z] Generation 73/100 - Diversity: 0.1940, Mutation Rate: 0.0915 
[2025-09-06T02:12:16.754Z] Generation 74/100 - Average Generation Fitness: 9042.7, Max Generational Fitness: 19900.8, Best Overall Fitness: 22336.0 
[2025-09-06T02:12:16.755Z] Generation 74/100 - Diversity: 0.1902, Mutation Rate: 0.0916 
[2025-09-06T02:12:20.672Z] Generation 75/100 - Average Generation Fitness: 9720.4, Max Generational Fitness: 17780.0, Best Overall Fitness: 22336.0 
[2025-09-06T02:12:20.674Z] Generation 75/100 - Diversity: 0.1796, Mutation Rate: 0.0926 
[2025-09-06T02:12:24.540Z] Generation 76/100 - Average Generation Fitness: 9630.6, Max Generational Fitness: 16784.8, Best Overall Fitness: 22336.0 
[2025-09-06T02:12:24.541Z] Generation 76/100 - Diversity: 0.2117, Mutation Rate: 0.0878 
[2025-09-06T02:12:28.290Z] Generation 77/100 - Average Generation Fitness: 9254.7, Max Generational Fitness: 17443.2, Best Overall Fitness: 22336.0 
[2025-09-06T02:12:28.291Z] Generation 77/100 - Diversity: 0.1964, Mutation Rate: 0.0894 
[2025-09-06T02:12:32.557Z] Generation 78/100 - Average Generation Fitness: 9630.3, Max Generational Fitness: 16114.4, Best Overall Fitness: 22336.0 
[2025-09-06T02:12:32.559Z] Generation 78/100 - Diversity: 0.1999, Mutation Rate: 0.0885 
[2025-09-06T02:12:36.458Z] Generation 79/100 - Average Generation Fitness: 9066.4, Max Generational Fitness: 16800.0, Best Overall Fitness: 22336.0 
[2025-09-06T02:12:36.459Z] Generation 79/100 - Diversity: 0.2313, Mutation Rate: 0.0840 
[2025-09-06T02:12:40.340Z] Generation 80/100 - Average Generation Fitness: 9341.3, Max Generational Fitness: 16580.0, Best Overall Fitness: 22336.0 
[2025-09-06T02:12:40.341Z] Generation 80/100 - Diversity: 0.2180, Mutation Rate: 0.0853 
[2025-09-06T02:12:44.230Z] Generation 81/100 - Average Generation Fitness: 9542.5, Max Generational Fitness: 16021.6, Best Overall Fitness: 22336.0 
[2025-09-06T02:12:44.231Z] Generation 81/100 - Diversity: 0.2147, Mutation Rate: 0.0853 
[2025-09-06T02:12:48.059Z] Generation 82/100 - Average Generation Fitness: 9386.4, Max Generational Fitness: 17430.4, Best Overall Fitness: 22336.0 
[2025-09-06T02:12:48.060Z] Generation 82/100 - Diversity: 0.2462, Mutation Rate: 0.0809 
[2025-09-06T02:12:51.601Z] Generation 83/100 - Average Generation Fitness: 8572.1, Max Generational Fitness: 16988.0, Best Overall Fitness: 22336.0 
[2025-09-06T02:12:51.603Z] Generation 83/100 - Diversity: 0.2595, Mutation Rate: 0.0789 
[2025-09-06T02:12:55.234Z] Generation 84/100 - Average Generation Fitness: 8899.1, Max Generational Fitness: 19696.8, Best Overall Fitness: 22336.0 
[2025-09-06T02:12:55.235Z] Generation 84/100 - Diversity: 0.1935, Mutation Rate: 0.0869 
[2025-09-06T02:12:58.866Z] Generation 85/100 - Average Generation Fitness: 8945.2, Max Generational Fitness: 16373.6, Best Overall Fitness: 22336.0 
[2025-09-06T02:12:58.867Z] Generation 85/100 - Diversity: 0.1848, Mutation Rate: 0.0877 
[2025-09-06T02:13:02.579Z] Generation 86/100 - Average Generation Fitness: 9027.3, Max Generational Fitness: 19184.8, Best Overall Fitness: 22336.0 
[2025-09-06T02:13:02.580Z] Generation 86/100 - Diversity: 0.1526, Mutation Rate: 0.0920 
[2025-09-06T02:13:05.948Z] Generation 87/100 - Average Generation Fitness: 8188.7, Max Generational Fitness: 16654.4, Best Overall Fitness: 22336.0 
[2025-09-06T02:13:05.950Z] Generation 87/100 - Diversity: 0.1833, Mutation Rate: 0.0872 
[2025-09-06T02:13:09.637Z] Generation 88/100 - Average Generation Fitness: 8934.3, Max Generational Fitness: 20288.8, Best Overall Fitness: 22336.0 
[2025-09-06T02:13:09.638Z] Generation 88/100 - Diversity: 0.2135, Mutation Rate: 0.0828 
[2025-09-06T02:13:13.194Z] Generation 89/100 - Average Generation Fitness: 8685.2, Max Generational Fitness: 17864.8, Best Overall Fitness: 22336.0 
[2025-09-06T02:13:13.195Z] Generation 89/100 - Diversity: 0.1791, Mutation Rate: 0.0871 
[2025-09-06T02:13:16.926Z] Generation 90/100 - Average Generation Fitness: 9281.2, Max Generational Fitness: 17951.2, Best Overall Fitness: 22336.0 
[2025-09-06T02:13:16.927Z] Generation 90/100 - Diversity: 0.2124, Mutation Rate: 0.0823 
[2025-09-06T02:13:20.760Z] Generation 91/100 - Average Generation Fitness: 9371.8, Max Generational Fitness: 20902.4, Best Overall Fitness: 22336.0 
[2025-09-06T02:13:20.761Z] Generation 91/100 - Diversity: 0.1914, Mutation Rate: 0.0847 
[2025-09-06T02:13:24.595Z] Generation 92/100 - Average Generation Fitness: 9241.1, Max Generational Fitness: 19041.6, Best Overall Fitness: 22336.0 
[2025-09-06T02:13:24.597Z] Generation 92/100 - Diversity: 0.2360, Mutation Rate: 0.0786 
[2025-09-06T02:13:28.257Z] Generation 93/100 - Average Generation Fitness: 8653.0, Max Generational Fitness: 19018.4, Best Overall Fitness: 22336.0 
[2025-09-06T02:13:28.258Z] Generation 93/100 - Diversity: 0.2590, Mutation Rate: 0.0755 
[2025-09-06T02:13:32.029Z] Generation 94/100 - Average Generation Fitness: 9358.6, Max Generational Fitness: 17336.0, Best Overall Fitness: 22336.0 
[2025-09-06T02:13:32.031Z] Generation 94/100 - Diversity: 0.2390, Mutation Rate: 0.0776 
[2025-09-06T02:13:35.583Z] Generation 95/100 - Average Generation Fitness: 8707.3, Max Generational Fitness: 17148.8, Best Overall Fitness: 22336.0 
[2025-09-06T02:13:35.585Z] Generation 95/100 - Diversity: 0.2108, Mutation Rate: 0.0809 
[2025-09-06T02:13:39.184Z] Generation 96/100 - Average Generation Fitness: 8837.9, Max Generational Fitness: 18697.6, Best Overall Fitness: 22336.0 
[2025-09-06T02:13:39.186Z] Generation 96/100 - Diversity: 0.1699, Mutation Rate: 0.0861 
[2025-09-06T02:13:42.808Z] Generation 97/100 - Average Generation Fitness: 8842.0, Max Generational Fitness: 16790.4, Best Overall Fitness: 22336.0 
[2025-09-06T02:13:42.810Z] Generation 97/100 - Diversity: 0.1774, Mutation Rate: 0.0848 
[2025-09-06T02:13:46.317Z] Generation 98/100 - Average Generation Fitness: 8542.6, Max Generational Fitness: 20912.0, Best Overall Fitness: 22336.0 
[2025-09-06T02:13:46.318Z] Generation 98/100 - Diversity: 0.1846, Mutation Rate: 0.0835 
[2025-09-06T02:13:49.887Z] Generation 99/100 - Average Generation Fitness: 8722.1, Max Generational Fitness: 21540.8, Best Overall Fitness: 22336.0 
[2025-09-06T02:13:49.888Z] Generation 99/100 - Diversity: 0.1974, Mutation Rate: 0.0815 
[2025-09-06T02:13:53.640Z] Generation 100/100 - Average Generation Fitness: 9187.0, Max Generational Fitness: 20718.4, Best Overall Fitness: 22336.0 
[2025-09-06T02:13:53.641Z] Generation 100/100 - Diversity: 0.1888, Mutation Rate: 0.0824 
[2025-09-06T02:13:53.641Z] Best genome: {
  "weightEmpties": -0.02827914903557261,
  "weightMerges": 0.20123970514820863,
  "weightEdge": 0.048049870602104486,
  "weightCorner": 0.10618308499403116,
  "weightMaxTile": -0.19148364876440055,
  "weightMaxTilePosition": 0.13593545680368024,
  "weightIsolation": 0.16539460548979532,
  "weightSmoothness": 0.12793381132548,
  "weightMonotonicity": -0.1499085029435845,
  "weightGradient": 0.02882137881147632,
  "weightMergeChain": 0.2220840667906352
}
[2025-09-06T02:13:53.642Z] Running 100 games with the best genome... 
[2025-09-06T02:13:54.492Z] Results after 100 games: 
[2025-09-06T02:13:54.492Z] Reached 2048: 3 times (3.0%) 
[2025-09-06T02:13:54.492Z] Best score achieved: 29368 
[2025-09-06T02:13:54.492Z] Best scoring board: 
[2025-09-06T02:13:54.493Z] +----+----+----+----+ 
[2025-09-06T02:13:54.493Z] | 256|2048| 512|   2| 
[2025-09-06T02:13:54.493Z] +----+----+----+----+ 
[2025-09-06T02:13:54.493Z] |  32| 128| 256|  64| 
[2025-09-06T02:13:54.493Z] +----+----+----+----+ 
[2025-09-06T02:13:54.493Z] |  16|  64|  32|   4| 
[2025-09-06T02:13:54.493Z] +----+----+----+----+ 
[2025-09-06T02:13:54.493Z] |   2|   4|   8|  16| 
[2025-09-06T02:13:54.493Z] +----+----+----+----+ 
[2025-09-06T02:13:54.493Z] Score: 29368 
